Microchip MPLAB XC8 Compiler V2.40

Linker command line:

-W-3 \
  --edf=C:\Program Files\Microchip\xc8\v2.40\pic\dat\20220703182018_en.msgs \
  -cn -h+dist/default/production\proyecto_final.X.production.sym \
  --cmf=dist/default/production\proyecto_final.X.production.cmf -z \
  -Q18F4550 -oC:\Users\David\AppData\Local\Temp\xcAsm7s.4 \
  --defsym=__MPLAB_BUILD=1 --fixupoverflow=error \
  -Mdist/default/production/proyecto_final.X.production.map \
  --md=C:\Users\David\AppData\Local\Temp\xcAsm7s.dat -E1 -ver=XC8 Compiler \
  --acfsm=1493 -ACODE=00h-07FFFh -ACONST=00h-07FFFh \
  -ASMALLCONST=0800h-08FFhx120 -AMEDIUMCONST=0800h-07FFFh -ACOMRAM=01h-05Fh \
  -AABS1=00h-07FFh -ABIGRAM=01h-07FFh -ARAM=060h-0FFh,0100h-01FFhx7 \
  -ABANK0=060h-0FFh -ABANK1=0100h-01FFh -ABANK2=0200h-02FFh \
  -ABANK3=0300h-03FFh -ABANK4=0400h-04FFh -ABANK5=0500h-05FFh \
  -ABANK6=0600h-06FFh -ABANK7=0700h-07FFh -ASFR=0F60h-0FFFh \
  -ABIGSFR=0F60h-0FFFh -ACONFIG=0300000h-030000Dh -AIDLOC=0200000h-0200007h \
  -AEEDATA=0F00000h-0F000FFh -peeprom_data=EEDATA \
  -preset_vec=00h,intcode=08h,intcodelo,powerup,init -pramtop=0800h \
  -psmallconst=SMALLCONST -pmediumconst=MEDIUMCONST -pconst=CONST \
  -AFARRAM=00h-00h \
  -prdata=COMRAM,nvrram=COMRAM,nvbit=COMRAM,rbss=COMRAM,rbit=COMRAM \
  -pfarbss=FARRAM,fardata=FARRAM,nvFARRAM=FARRAM \
  -pintsave_regs=BIGRAM,bigbss=BIGRAM,bigdata=BIGRAM -pbss=RAM \
  -pidata=CODE,irdata=CODE,ibigdata=CODE,ifardata=CODE -prparam=COMRAM \
  C:\Users\David\AppData\Local\Temp\xcAsm7s.o \
  dist/default/production\proyecto_final.X.production.o 

Object code version is 3.11

Machine type is 18F4550



                Name                               Link     Load   Length Selector   Space Scale
C:\Users\David\AppData\Local\Temp\xcAsm7s.o
                idloc                            200000   200000        8        0       5
                config                           300000   300000        E        0       4
                init                                  E        E        4        4       0
                reset_vec                             0        0        4        0       0
dist/default/production\proyecto_final.X.production.o
                intcode                               8        8        6        4       0
                idloc                            200000   200000        8        0       5
                config                           300000   300000        E        0       4
                temp                                 5F       5F        1        1       1
                smallconst                          800      800        C      400       0
                text27                             250E     250E       18      406       0
                intcode_body                       24D6     24D6       1E      406       0
                text25                             254E     254E        6      406       0
                text24                             2468     2468       3E      406       0
                text23                             253C     253C        A      406       0
                text22                             2546     2546        8      406       0
                text21                             2082     2082       D6      406       0
                text20                             1FAC     1FAC       D6      406       0
                text19                             1A6C     1A6C      188      406       0
                text18                             1BF4     1BF4      164      406       0
                text17                             2428     2428       40      406       0
                text16                             2554     2554        2      406       0
                text15                             2158     2158       CA      406       0
                text14                             23E4     23E4       44      406       0
                text13                             22CA     22CA       7A      406       0
                text12                             1490     1490      27C      406       0
                text11                             1D58     1D58      14E      406       0
                text10                             2396     2396       4E      406       0
                text9                              2344     2344       52      406       0
                text8                               80C      80C      4C0      406       0
                text7                              10F6     10F6      39A      406       0
                text6                               CCC      CCC      42A      406       0
                text5                              1EA6     1EA6      106      406       0
                text4                              170C     170C      1B4      406       0
                text3                              2222     2222       A8      406       0
                text2                              2526     2526       16      406       0
                text1                              24A6     24A6       30      406       0
                text0                              18C0     18C0      1AC      406       0
                cstackCOMRAM                          1        1       5E        1       1
                cstackBANK0                          B4       B4        F       60       1
                bssBANK0                             60       60       54       60       1
                cinit                              24F4     24F4       1A      406       0

TOTAL           Name                               Link     Load   Length     Space
        CLASS   CODE           
                intcode                               8        8        6         0
                init                                  E        E        4         0
                reset_vec                             0        0        4         0
                text27                             250E     250E       18         0
                intcode_body                       24D6     24D6       1E         0
                text25                             254E     254E        6         0
                text24                             2468     2468       3E         0
                text23                             253C     253C        A         0
                text22                             2546     2546        8         0
                text21                             2082     2082       D6         0
                text20                             1FAC     1FAC       D6         0
                text19                             1A6C     1A6C      188         0
                text18                             1BF4     1BF4      164         0
                text17                             2428     2428       40         0
                text16                             2554     2554        2         0
                text15                             2158     2158       CA         0
                text14                             23E4     23E4       44         0
                text13                             22CA     22CA       7A         0
                text12                             1490     1490      27C         0
                text11                             1D58     1D58      14E         0
                text10                             2396     2396       4E         0
                text9                              2344     2344       52         0
                text8                               80C      80C      4C0         0
                text7                              10F6     10F6      39A         0
                text6                               CCC      CCC      42A         0
                text5                              1EA6     1EA6      106         0
                text4                              170C     170C      1B4         0
                text3                              2222     2222       A8         0
                text2                              2526     2526       16         0
                text1                              24A6     24A6       30         0
                text0                              18C0     18C0      1AC         0
                cinit                              24F4     24F4       1A         0

        CLASS   CONST          

        CLASS   SMALLCONST     
                smallconst                          800      800        C         0

        CLASS   MEDIUMCONST    

        CLASS   COMRAM         
                temp                                 5F       5F        1         1
                cstackCOMRAM                          1        1       5E         1

        CLASS   ABS1           

        CLASS   BIGRAM         

        CLASS   RAM            

        CLASS   BANK0          
                cstackBANK0                          B4       B4        F         1
                bssBANK0                             60       60       54         1

        CLASS   BANK1          

        CLASS   BANK2          

        CLASS   BANK3          

        CLASS   BANK4          

        CLASS   BANK5          

        CLASS   BANK6          

        CLASS   BANK7          

        CLASS   SFR            

        CLASS   BIGSFR         

        CLASS   CONFIG         
                config                           300000   300000        E         4

        CLASS   IDLOC          
                idloc                            200000   200000        8         5

        CLASS   EEDATA         

        CLASS   FARRAM         

        CLASS   HEAP           

        CLASS   STACK          



SEGMENTS        Name                           Load    Length   Top    Selector   Space  Class

                reset_vec                      000000  000004  000004         0       0  CODE    
                cstackCOMRAM                   000001  00005F  000060         1       1  COMRAM  
                intcode                        000008  00000A  000012         4       0  CODE    
                bssBANK0                       000060  000063  0000C3        60       1  BANK0   
                smallconst                     000800  00000C  00080C       400       0  SMALLCON
                text8                          00080C  001D4A  002556       406       0  CODE    


UNUSED ADDRESS RANGES

        Name                Unused          Largest block    Delta
        BANK0            0000C3-0000FF               3D
        BANK1            000100-0001FF              100
        BANK2            000200-0002FF              100
        BANK3            000300-0003FF              100
        BANK4            000400-0004FF              100
        BANK5            000500-0005FF              100
        BANK6            000600-0006FF              100
        BANK7            000700-0007FF              100
        BIGRAM           0000C3-0007FF              73D
        BIGSFR           000F60-000FFF               A0
        CODE             000004-000007                4
                         000012-0007FF              7EE
                         002556-007FFF             5AAA
        CONST            000004-000007                4
                         000012-0007FF              7EE
                         002556-007FFF             5AAA
        EEDATA           F00000-F000FF              100
        MEDIUMCONST      002556-007FFF             5AAA
        RAM              0000C3-0007FF              100
        SFR              000F60-000FFF               A0
        SMALLCONST       002556-007FFF              100

                                  Symbol Table

?___aodiv                 cstackCOMRAM 000001
?___aomod                 cstackCOMRAM 000001
?___fladd                 cstackCOMRAM 000041
?___fldiv                 cstackCOMRAM 000028
?___flmul                 cstackCOMRAM 00000F
?___fltol                 cstackCOMRAM 000051
?___xxtofl                cstackCOMRAM 000001
?_abs                     cstackCOMRAM 000013
?_adc_read                cstackCOMRAM 000001
?_sprintf                 cstackCOMRAM 000059
?_vfprintf                cstackCOMRAM 000051
_ADCON0bits               (abs)        000FC2
_ADCON1                   (abs)        000FC1
_ADCON2                   (abs)        000FC0
_ADRESH                   (abs)        000FC4
_ADRESL                   (abs)        000FC3
_CREN                     (abs)        007D5C
_INTCONbits               (abs)        000FF2
_LATB                     (abs)        000F8A
_LATB0                    (abs)        007C50
_LATB1                    (abs)        007C51
_LATB2                    (abs)        007C52
_LATB3                    (abs)        007C53
_LATB4                    (abs)        007C54
_LATB5                    (abs)        007C55
_LATB6                    (abs)        007C56
_LATB7                    (abs)        007C57
_LATBbits                 (abs)        000F8A
_OERR                     (abs)        007D59
_OSCCON                   (abs)        000FD3
_OscillatorInit           text25       00254E
_PIE1bits                 (abs)        000F9D
_PIR1bits                 (abs)        000F9E
_RCIF                     (abs)        007CF5
_RCREG                    (abs)        000FAE
_RCSTA                    (abs)        000FAB
_SPBRG                    (abs)        000FAF
_TRISB                    (abs)        000F93
_TRISCbits                (abs)        000F94
_TRMT                     (abs)        007D61
_TXREG                    (abs)        000FAD
_TXSTA                    (abs)        000FAC
__HRAM                    (abs)        000000
__Habs1                   abs1         000000
__Hbank0                  bank0        000000
__Hbank1                  bank1        000000
__Hbank2                  bank2        000000
__Hbank3                  bank3        000000
__Hbank4                  bank4        000000
__Hbank5                  bank5        000000
__Hbank6                  bank6        000000
__Hbank7                  bank7        000000
__Hbigbss                 bigbss       000000
__Hbigdata                bigdata      000000
__Hbigram                 bigram       000000
__Hbigsfr                 bigsfr       000000
__Hbss                    bss          000000
__HbssBANK0               bssBANK0     000000
__Hcinit                  cinit        000000
__Hclrtext                clrtext      000000
__Hcomram                 comram       000000
__Hconfig                 config       30000E
__Hconst                  const        000000
__HcstackBANK0            cstackBANK0  000000
__HcstackCOMRAM           cstackCOMRAM 000000
__Hdata                   data         000000
__Heeprom_data            eeprom_data  000000
__Hfarbss                 farbss       000000
__Hfardata                fardata      000000
__Hheap                   heap         000000
__Hibigdata               ibigdata     000000
__Hidata                  idata        000000
__Hidloc                  idloc        200008
__Hifardata               ifardata     000000
__Hinit                   init         000012
__Hintcode                intcode      00000E
__Hintcode_body           intcode_body 000000
__Hintcodelo              intcodelo    00000E
__Hintentry               intentry     000000
__Hintret                 intret       000000
__Hintsave_regs           intsave_regs 000000
__Hirdata                 irdata       000000
__Hmediumconst            mediumconst  000000
__HnvFARRAM               nvFARRAM     000000
__Hnvbit                  nvbit        000000
__Hnvrram                 nvrram       000000
__Hparam                  rparam       000000
__Hpowerup                powerup      00000E
__Hram                    ram          000000
__Hramtop                 ramtop       000800
__Hrbit                   rbit         000000
__Hrbss                   rbss         000000
__Hrdata                  rdata        000000
__Hreset_vec              reset_vec    000004
__Hrparam                 rparam       000000
__Hsfr                    sfr          000000
__Hsmallconst             smallconst   00080C
__Hspace_0                (abs)        002556
__Hspace_1                (abs)        0000C3
__Hspace_2                (abs)        000000
__Hspace_4                (abs)        60000E
__Hstack                  stack        000000
__Hstruct                 struct       000000
__Htemp                   temp         000060
__Htext                   text         000000
__Htext0                  text0        000000
__Htext1                  text1        000000
__Htext10                 text10       000000
__Htext11                 text11       000000
__Htext12                 text12       000000
__Htext13                 text13       000000
__Htext14                 text14       000000
__Htext15                 text15       000000
__Htext16                 text16       000000
__Htext17                 text17       000000
__Htext18                 text18       000000
__Htext19                 text19       000000
__Htext2                  text2        000000
__Htext20                 text20       000000
__Htext21                 text21       000000
__Htext22                 text22       000000
__Htext23                 text23       000000
__Htext24                 text24       000000
__Htext25                 text25       000000
__Htext27                 text27       000000
__Htext3                  text3        000000
__Htext4                  text4        000000
__Htext5                  text5        000000
__Htext6                  text6        000000
__Htext7                  text7        000000
__Htext8                  text8        000000
__Htext9                  text9        000000
__LRAM                    (abs)        000001
__Labs1                   abs1         000000
__Lbank0                  bank0        000000
__Lbank1                  bank1        000000
__Lbank2                  bank2        000000
__Lbank3                  bank3        000000
__Lbank4                  bank4        000000
__Lbank5                  bank5        000000
__Lbank6                  bank6        000000
__Lbank7                  bank7        000000
__Lbigbss                 bigbss       000000
__Lbigdata                bigdata      000000
__Lbigram                 bigram       000000
__Lbigsfr                 bigsfr       000000
__Lbss                    bss          000000
__LbssBANK0               bssBANK0     000000
__Lcinit                  cinit        000000
__Lclrtext                clrtext      000000
__Lcomram                 comram       000000
__Lconfig                 config       000000
__Lconst                  const        000000
__LcstackBANK0            cstackBANK0  000000
__LcstackCOMRAM           cstackCOMRAM 000000
__Ldata                   data         000000
__Leeprom_data            eeprom_data  000000
__Lfarbss                 farbss       000000
__Lfardata                fardata      000000
__Lheap                   heap         000000
__Libigdata               ibigdata     000000
__Lidata                  idata        000000
__Lidloc                  idloc        000000
__Lifardata               ifardata     000000
__Linit                   init         00000E
__Lintcode                intcode      000008
__Lintcode_body           intcode_body 000000
__Lintcodelo              intcodelo    00000E
__Lintentry               intentry     000000
__Lintret                 intret       000000
__Lintsave_regs           intsave_regs 000000
__Lirdata                 irdata       000000
__Lmediumconst            mediumconst  000000
__LnvFARRAM               nvFARRAM     000000
__Lnvbit                  nvbit        000000
__Lnvrram                 nvrram       000000
__Lparam                  rparam       000000
__Lpowerup                powerup      00000E
__Lram                    ram          000000
__Lramtop                 ramtop       000800
__Lrbit                   rbit         000000
__Lrbss                   rbss         000000
__Lrdata                  rdata        000000
__Lreset_vec              reset_vec    000000
__Lrparam                 rparam       000000
__Lsfr                    sfr          000000
__Lsmallconst             smallconst   000800
__Lspace_0                (abs)        000000
__Lspace_1                (abs)        000000
__Lspace_2                (abs)        000000
__Lspace_4                (abs)        000000
__Lstack                  stack        000000
__Lstruct                 struct       000000
__Ltemp                   temp         00005F
__Ltext                   text         000000
__Ltext0                  text0        000000
__Ltext1                  text1        000000
__Ltext10                 text10       000000
__Ltext11                 text11       000000
__Ltext12                 text12       000000
__Ltext13                 text13       000000
__Ltext14                 text14       000000
__Ltext15                 text15       000000
__Ltext16                 text16       000000
__Ltext17                 text17       000000
__Ltext18                 text18       000000
__Ltext19                 text19       000000
__Ltext2                  text2        000000
__Ltext20                 text20       000000
__Ltext21                 text21       000000
__Ltext22                 text22       000000
__Ltext23                 text23       000000
__Ltext24                 text24       000000
__Ltext25                 text25       000000
__Ltext27                 text27       000000
__Ltext3                  text3        000000
__Ltext4                  text4        000000
__Ltext5                  text5        000000
__Ltext6                  text6        000000
__Ltext7                  text7        000000
__Ltext8                  text8        000000
__Ltext9                  text9        000000
__S0                      (abs)        002556
__S1                      (abs)        0000C3
__S4                      (abs)        000000
__S5                      (abs)        000000
___aodiv                  text19       001A6C
___aodiv@counter          cstackCOMRAM 000011
___aodiv@dividend         cstackCOMRAM 000001
___aodiv@divisor          cstackCOMRAM 000009
___aodiv@quotient         cstackCOMRAM 000013
___aodiv@sign             cstackCOMRAM 000012
___aomod                  text18       001BF4
___aomod@counter          cstackCOMRAM 000011
___aomod@dividend         cstackCOMRAM 000001
___aomod@divisor          cstackCOMRAM 000009
___aomod@sign             cstackCOMRAM 000012
___fladd                  text8        00080C
___fladd@a                cstackCOMRAM 000045
___fladd@aexp             cstackCOMRAM 00004E
___fladd@b                cstackCOMRAM 000041
___fladd@bexp             cstackCOMRAM 00004F
___fladd@grs              cstackCOMRAM 000050
___fladd@signs            cstackCOMRAM 00004D
___fldiv                  text7        0010F6
___fldiv@a                cstackCOMRAM 00002C
___fldiv@aexp             cstackCOMRAM 000040
___fldiv@b                cstackCOMRAM 000028
___fldiv@bexp             cstackCOMRAM 00003F
___fldiv@grs              cstackCOMRAM 00003B
___fldiv@new_exp          cstackCOMRAM 000039
___fldiv@rem              cstackCOMRAM 000034
___fldiv@sign             cstackCOMRAM 000038
___flmul                  text6        000CCC
___flmul@a                cstackCOMRAM 000013
___flmul@aexp             cstackCOMRAM 000020
___flmul@b                cstackCOMRAM 00000F
___flmul@bexp             cstackCOMRAM 000021
___flmul@grs              cstackCOMRAM 00001C
___flmul@prod             cstackCOMRAM 000022
___flmul@sign             cstackCOMRAM 00001B
___flmul@temp             cstackCOMRAM 000026
___fltol                  text5        001EA6
___fltol@exp1             cstackCOMRAM 00005A
___fltol@f1               cstackCOMRAM 000051
___fltol@sign1            cstackCOMRAM 000059
___heap_hi                (abs)        000000
___heap_lo                (abs)        000000
___inthi_sp               stack        000000
___intlo_sp               stack        000000
___param_bank             (abs)        000000
___rparam_used            (abs)        000001
___sp                     stack        000000
___xxtofl                 text4        00170C
___xxtofl@arg             cstackCOMRAM 00000B
___xxtofl@exp             cstackCOMRAM 00000A
___xxtofl@sign            cstackCOMRAM 000009
___xxtofl@val             cstackCOMRAM 000001
__accesstop               (abs)        000060
__activetblptr            (abs)        000002
__end_of_OscillatorInit   text25       002554
__end_of___aodiv          text19       001BF4
__end_of___aomod          text18       001D58
__end_of___fladd          text8        000CCC
__end_of___fldiv          text7        001490
__end_of___flmul          text6        0010F6
__end_of___fltol          text5        001FAC
__end_of___xxtofl         text4        0018C0
__end_of__initialization  cinit        002500
__end_of_abs              text17       002468
__end_of_adc_read         text24       0024A6
__end_of_adc_setup        text23       002546
__end_of_adc_setupChannel text22       00254E
__end_of_dtoa             text12       00170C
__end_of_fputc            text15       002222
__end_of_fputs            text14       002428
__end_of_main             text0        001A6C
__end_of_pad              text13       002344
__end_of_putch            text16       002556
__end_of_recive           intcode_body 0024F4
__end_of_secuencia        text21       002158
__end_of_secuencia2       text20       002082
__end_of_sprintf          text9        002396
__end_of_usartGetc        text27       002526
__end_of_usartInit        text3        0022CA
__end_of_usartPutc        text2        00253C
__end_of_usartPuts        text1        0024D6
__end_of_vfpfcnvrt        text11       001EA6
__end_of_vfprintf         text10       0023E4
__initialization          cinit        0024F4
__mediumconst             mediumconst  000000
__pbssBANK0               bssBANK0     000060
__pcinit                  cinit        0024F4
__pcstackBANK0            cstackBANK0  0000B4
__pcstackCOMRAM           cstackCOMRAM 000001
__pintcode                intcode      000008
__pintcode_body           intcode_body 0024D6
__psmallconst             smallconst   000800
__ptext0                  text0        0018C0
__ptext1                  text1        0024A6
__ptext10                 text10       002396
__ptext11                 text11       001D58
__ptext12                 text12       001490
__ptext13                 text13       0022CA
__ptext14                 text14       0023E4
__ptext15                 text15       002158
__ptext16                 text16       002554
__ptext17                 text17       002428
__ptext18                 text18       001BF4
__ptext19                 text19       001A6C
__ptext2                  text2        002526
__ptext20                 text20       001FAC
__ptext21                 text21       002082
__ptext22                 text22       002546
__ptext23                 text23       00253C
__ptext24                 text24       002468
__ptext25                 text25       00254E
__ptext27                 text27       00250E
__ptext3                  text3        002222
__ptext4                  text4        00170C
__ptext5                  text5        001EA6
__ptext6                  text6        000CCC
__ptext7                  text7        0010F6
__ptext8                  text8        00080C
__ptext9                  text9        002344
__ramtop                  ramtop       000800
__smallconst              smallconst   000800
_abs                      text17       002428
_adc                      bssBANK0     000074
_adc_read                 text24       002468
_adc_setup                text23       00253C
_adc_setupChannel         text22       002546
_buffer                   bssBANK0     000096
_dato                     bssBANK0     000073
_dbuf                     bssBANK0     000076
_dtoa                     text12       001490
_dtoa$960                 cstackCOMRAM 00002E
_flags                    bssBANK0     000070
_fputc                    text15       002158
_fputs                    text14       0023E4
_lm35                     bssBANK0     000075
_main                     text0        0018C0
_pad                      text13       0022CA
_prec                     bssBANK0     00006A
_putch                    text16       002554
_recive                   intcode      000008
_secuencia                text21       002082
_secuencia2               text20       001FAC
_sprintf                  text9        002344
_temp                     bssBANK0     000064
_usartGetc                text27       00250E
_usartInit                text3        002222
_usartPutc                text2        002526
_usartPuts                text1        0024A6
_vfpfcnvrt                text11       001D58
_vfprintf                 text10       002396
_volts                    bssBANK0     000060
_width                    bssBANK0     000068
abs@a                     cstackCOMRAM 000013
adc_read@channel          cstackCOMRAM 000005
adc_setup@freq_acq        cstackCOMRAM 000001
adc_setupChannel@adc_port cstackCOMRAM 000001
btemp                     temp         00005F
dtoa@d                    cstackCOMRAM 00001E
dtoa@fp                   cstackCOMRAM 00001C
dtoa@i                    cstackCOMRAM 00003C
dtoa@n                    cstackCOMRAM 000034
dtoa@p                    cstackCOMRAM 000030
dtoa@s                    cstackCOMRAM 00003E
dtoa@w                    cstackCOMRAM 000032
end_of_initialization     cinit        002500
fputc@c                   cstackCOMRAM 000001
fputc@fp                  cstackCOMRAM 000003
fputs@c                   cstackCOMRAM 00000E
fputs@fp                  cstackCOMRAM 00000C
fputs@i                   cstackCOMRAM 00000F
fputs@s                   cstackCOMRAM 00000A
int$flags                 temp         00005F
int_func                  intcode_body 0024D6
intlevel0                 text         000000
intlevel1                 text         000000
intlevel2                 text         000000
intlevel3                 text         000000
isa$std                   (abs)        000001
isa$xinst                 (abs)        000000
pad@buf                   cstackCOMRAM 000013
pad@fp                    cstackCOMRAM 000011
pad@i                     cstackCOMRAM 000018
pad@p                     cstackCOMRAM 000015
pad@w                     cstackCOMRAM 00001A
sprintf@ap                cstackBANK0  0000B4
sprintf@f                 cstackBANK0  0000B6
sprintf@fmt               cstackCOMRAM 00005B
sprintf@s                 cstackCOMRAM 000059
stackhi                   (abs)        000000
stacklo                   (abs)        000000
start                     init         00000E
start_initialization      cinit        0024F4
ttemp5                    temp         000060
ttemp6                    temp         000063
ttemp7                    temp         000067
usartInit@BAUDRATE        cstackCOMRAM 00005B
usartPutc@chr             cstackCOMRAM 000001
usartPuts@str             cstackCOMRAM 000002
vfpfcnvrt@ap              cstackCOMRAM 000043
vfpfcnvrt@convarg         cstackCOMRAM 000047
vfpfcnvrt@cp              cstackCOMRAM 00004F
vfpfcnvrt@fmt             cstackCOMRAM 000041
vfpfcnvrt@fp              cstackCOMRAM 00003F
vfprintf@ap               cstackCOMRAM 000055
vfprintf@cfmt             cstackCOMRAM 000057
vfprintf@fmt              cstackCOMRAM 000053
vfprintf@fp               cstackCOMRAM 000051
wtemp8                    temp         000060


MODULE INFORMATION

Module		Function		Class		Link	Load	Size
C:\Program Files\Microchip\xc8\v2.40\pic\sources\c99\common\sprcmul.c
		___flmul       		CODE           	0CCC	0000	1066

C:\Program Files\Microchip\xc8\v2.40\pic\sources\c99\common\sprcmul.c estimated size: 1066

C:\Program Files\Microchip\xc8\v2.40\pic\sources\c99\common\nf_fputc.c
		_fputc         		CODE           	2158	0000	202

C:\Program Files\Microchip\xc8\v2.40\pic\sources\c99\common\nf_fputc.c estimated size: 202

C:\Program Files\Microchip\xc8\v2.40\pic\sources\c99\common\sprcdiv.c
		___fldiv       		CODE           	10F6	0000	922

C:\Program Files\Microchip\xc8\v2.40\pic\sources\c99\common\sprcdiv.c estimated size: 922

C:\Program Files\Microchip\xc8\v2.40\pic\sources\c99\common\nf_sprintf.c
		_sprintf       		CODE           	2344	0000	82

C:\Program Files\Microchip\xc8\v2.40\pic\sources\c99\common\nf_sprintf.c estimated size: 82

C:\Program Files\Microchip\xc8\v2.40\pic\sources\c99\common\fltol.c
		___fltol       		CODE           	1EA6	0000	262

C:\Program Files\Microchip\xc8\v2.40\pic\sources\c99\common\fltol.c estimated size: 262

C:\Program Files\Microchip\xc8\v2.40\pic\sources\c99\common\abs.c
		_abs           		CODE           	2428	0000	64

C:\Program Files\Microchip\xc8\v2.40\pic\sources\c99\common\abs.c estimated size: 64

usart.c
		_usartInit     		CODE           	2222	0000	168
		_usartGetc     		CODE           	250E	0000	24
		_usartPutc     		CODE           	2526	0000	22
		_usartPuts     		CODE           	24A6	0000	48

usart.c estimated size: 262

C:\Program Files\Microchip\xc8\v2.40\pic\sources\c99\common\sprcadd.c
		___fladd       		CODE           	080C	0000	1216

C:\Program Files\Microchip\xc8\v2.40\pic\sources\c99\common\sprcadd.c estimated size: 1216

device_config.c
		_OscillatorInit		CODE           	254E	0000	6

device_config.c estimated size: 6

adc.c
		_adc_setup     		CODE           	253C	0000	10
		_adc_setupChannel		CODE           	2546	0000	8
		_adc_read      		CODE           	2468	0000	62

adc.c estimated size: 80

C:\Program Files\Microchip\xc8\v2.40\pic\sources\c99\common\xxtofl.c
		___xxtofl      		CODE           	170C	0000	436

C:\Program Files\Microchip\xc8\v2.40\pic\sources\c99\common\xxtofl.c estimated size: 436

C:\Program Files\Microchip\xc8\v2.40\pic\sources\c99\common\nf_fputs.c
		_fputs         		CODE           	23E4	0000	68

C:\Program Files\Microchip\xc8\v2.40\pic\sources\c99\common\nf_fputs.c estimated size: 68

C:\Program Files\Microchip\xc8\v2.40\pic\sources\c99\common\aomod.c
		___aomod       		CODE           	1BF4	0000	356

C:\Program Files\Microchip\xc8\v2.40\pic\sources\c99\common\aomod.c estimated size: 356

shared
		__initialization		CODE           	24F4	0000	12

shared estimated size: 12

C:\Program Files\Microchip\xc8\v2.40\pic\sources\c99\common\putch.c
		_putch         		CODE           	2554	0000	2

C:\Program Files\Microchip\xc8\v2.40\pic\sources\c99\common\putch.c estimated size: 2

C:\Program Files\Microchip\xc8\v2.40\pic\sources\c99\common\doprnt.c
		_vfpfcnvrt     		CODE           	1D58	0000	334
		_pad           		CODE           	22CA	0000	122
		_dtoa          		CODE           	1490	0000	636
		_vfprintf      		CODE           	2396	0000	78

C:\Program Files\Microchip\xc8\v2.40\pic\sources\c99\common\doprnt.c estimated size: 1170

main.c
		_secuencia     		CODE           	2082	0000	214
		_secuencia2    		CODE           	1FAC	0000	214
		_main          		CODE           	18C0	0000	428
		_recive        		CODE           	0008	0000	36

main.c estimated size: 892

C:\Program Files\Microchip\xc8\v2.40\pic\sources\c99\common\aodiv.c
		___aodiv       		CODE           	1A6C	0000	392

C:\Program Files\Microchip\xc8\v2.40\pic\sources\c99\common\aodiv.c estimated size: 392

